🔍 Scan du dataset (1000 e-mails trouvés)...
📬 E-mail sélectionné : m06050 (Sujet : RE: Rapport d'incident SR-54 - replacement proposal)
✅ E-mail initial envoyé avec succès !
🔄 Envoi de la réponse chaînée (Reply)...
🏁 Traitement validé en BDD pour m06050 !
🔍 Scan du dataset (1000 e-mails trouvés)...
📬 E-mail sélectionné : m06078 (Sujet : RE: Q2 operations report SR-55 - validé)
✅ E-mail initial envoyé avec succès !
🔄 Envoi de la réponse chaînée (Reply)...
🏁 Traitement validé en BDD pour m06078 !
🔍 Scan du dataset (1000 e-mails trouvés)...
📬 E-mail sélectionné : m03049 (Sujet : RE: Proforma PI-318 - week 34 confirmed)
✅ E-mail initial envoyé avec succès !
🔄 Envoi de la réponse chaînée (Reply)...
🏁 Traitement validé en BDD pour m03049 !
🔍 Scan du dataset (1000 e-mails trouvés)...
📬 E-mail sélectionné : m05061 (Sujet : RE: Arbitrage commande PadLock OF-2214)
✅ E-mail initial envoyé avec succès !
🔄 Envoi de la réponse chaînée (Reply)...
🏁 Traitement validé en BDD pour m05061 !
🔍 Scan du dataset (1000 e-mails trouvés)...
📬 E-mail sélectionné : m01034 (Sujet : RE: RFQ - case packer gripper kits, two units)
✅ E-mail initial envoyé avec succès !
🔄 Envoi de la réponse chaînée (Reply)...
🏁 Traitement validé en BDD pour m01034 !
🔍 Scan du dataset (1000 e-mails trouvés)...
📬 E-mail sélectionné : m01023 (Sujet : RE: RFQ - gripper kits - technical details)
✅ E-mail initial envoyé avec succès !
🔄 Envoi de la réponse chaînée (Reply)...
🏁 Traitement validé en BDD pour m01023 !
🔍 Scan du dataset (1000 e-mails trouvés)...
📬 E-mail sélectionné : m06042 (Sujet : RE: Plan d'allocation Q3 - version révisée)
✅ E-mail initial envoyé avec succès !
🔄 Envoi de la réponse chaînée (Reply)...
🏁 Traitement validé en BDD pour m06042 !
🔍 Scan du dataset (1000 e-mails trouvés)...
📬 Nouvel e-mail sélectionné : m05036 (Sujet : RE: Facture INV-406 - ecart de quantite, facture contestee)
✅ E-mail initial envoyé avec succès !
🔄 Envoi de la réponse chaînée (Reply)...
🏁 Traitement validé en BDD pour m05036 !
🔍 Scan du dataset (1000 e-mails trouvés)...
📬 Nouvel e-mail sélectionné : m03063 (Sujet : RE: CR revue POC - option motif chiffree)
✅ E-mail initial envoyé avec succès !
🔄 Envoi de la réponse chaînée (Reply)...
🏁 Traitement validé en BDD pour m03063 !
🔍 Scan du dataset (1000 e-mails trouvés)...
📬 Nouvel e-mail sélectionné : m10085 (Sujet : Vente flash 48h : mobilier de bureau)
✅ E-mail initial envoyé avec succès !
🔄 Envoi de la réponse chaînée (Reply)...
🏁 Traitement validé en BDD pour m10085 !
🔍 Scan du dataset (1000 e-mails trouvés)...
📬 Nouvel e-mail sélectionné : m08007 (Sujet : Avis d'arrivée MRS-2214 - MV Levant Runner à Radès)
📎 Pièce jointe ajoutée avec succès : packing_list_drives.csv
✅ E-mail initial envoyé avec succès !
🔄 Envoi de la réponse chaînée (Reply)...
🏁 Traitement validé en BDD pour m08007 !
🔍 Scan du dataset (1000 e-mails trouvés)...
📬 Nouvel e-mail sélectionné : m04046 (Sujet : Re: Devis QT-155 - refonte capteurs four 2)
📎 Pièce jointe ajoutée avec succès : quote_granite_sensors_qt_155.pdf
✅ E-mail initial envoyé avec succès !
🔄 Envoi de la réponse chaînée (Reply)...
🏁 Traitement validé en BDD pour m04046 !
🔍 Scan du dataset (1000 e-mails trouvés)...
📬 E-mail sélectionné : m01045 (Sujet : RE: Etude de faisabilite - estimation de charge)
📎 Pièce jointe ajoutée avec succès : site_visit_notes_helios.txt
✅ E-mail initial envoyé avec succès !
🔍 Scan du dataset (1000 e-mails trouvés)...
📬 E-mail sélectionné : m01045 (Sujet : RE: Etude de faisabilite - estimation de charge)
📎 Pièce jointe ajoutée avec succès : site_visit_notes_helios.txt
✅ E-mail initial envoyé avec succès !
🔄 Envoi de la réponse chaînée (Reply)...
🏁 Traitement validé en BDD pour m01045 !
🔍 Scan du dataset (1000 e-mails trouvés)...
📬 E-mail sélectionné : m03010 (Sujet : RE: Quotation QT-134 - board feedback)
✅ E-mail initial envoyé avec succès !
🔄 Envoi de la réponse chaînée (Reply)...
🏁 Traitement validé en BDD pour m03010 !
🔍 Scan du dataset (1000 e-mails trouvés)...
📬 E-mail sélectionné : m06033 (Sujet : Sprint 14 review - 12 of 14 tickets done)
📎 Pièce jointe ajoutée avec succès : sprint_backlog_nordwind.csv
✅ E-mail initial envoyé avec succès !
🔄 Envoi de la réponse chaînée (Reply)...
🏁 Traitement validé en BDD pour m06033 !
🔍 Scan du dataset (1000 e-mails trouvés)...
📬 E-mail sélectionné : m04032 (Sujet : Re: Cedar cleanroom monitoring - quotation QT-151)
📎 Pièce jointe ajoutée avec succès : quote_cedar_monitor_qt_151.pdf
✅ E-mail initial envoyé avec succès !
🔄 Envoi de la réponse chaînée (Reply)...
🏁 Traitement validé en BDD pour m04032 !
🔍 Scan du dataset (1000 e-mails trouvés)...
📬 E-mail sélectionné : m04012 (Sujet : Re: Traceability phase 1 - staging ready)
✅ E-mail initial envoyé avec succès !
🔄 Envoi de la réponse chaînée (Reply)...
🏁 Traitement validé en BDD pour m04012 !
🔍 Scan du dataset (1000 e-mails trouvés)...
📬 E-mail sélectionné : m04087 (Sujet : Purchase order PO-509 received)
📎 Pièce jointe ajoutée avec succès : po_orion_extension_po_509.pdf
✅ E-mail initial envoyé avec succès !
🔄 Envoi de la réponse chaînée (Reply)...
🏁 Traitement validé en BDD pour m04087 !
🔍 Scan du dataset (1000 e-mails trouvés)...
📬 E-mail sélectionné : m06034 (Sujet : RE: Sprint 14 review - 12 of 14 tickets done)
✅ E-mail initial envoyé avec succès !
🔄 Envoi de la réponse chaînée (Reply)...
🏁 Traitement validé en BDD pour m06034 !
🔍 Scan du dataset (1000 e-mails trouvés)...
📬 E-mail sélectionné : m02048 (Sujet : RE: Offre de prix - alternative connecteurs)
✅ E-mail initial envoyé avec succès !
🔄 Envoi de la réponse chaînée (Reply)...
🏁 Traitement validé en BDD pour m02048 !
🔍 Scan du dataset (1000 e-mails trouvés)...
📬 E-mail sélectionné : m10040 (Sujet : Invitation - Automation Days 2026, 16-17 September)
📎 Pièce jointe ajoutée avec succès : expo_program_sr_62.pdf
✅ E-mail initial envoyé avec succès !
🔄 Envoi de la réponse chaînée (Reply)...
🏁 Traitement validé en BDD pour m10040 !
🔍 Scan du dataset (1000 e-mails trouvés)...
📬 E-mail sélectionné : m07042 (Sujet : Re: Declaration T2 2026 - validation avant depot)
✅ E-mail initial envoyé avec succès !
🔄 Envoi de la réponse chaînée (Reply)...
🏁 Traitement validé en BDD pour m07042 !
🔍 Scan du dataset (1000 e-mails trouvés)...
📬 E-mail sélectionné : m09023 (Sujet : Helios packing starts)
✅ E-mail initial envoyé avec succès !
🔄 Envoi de la réponse chaînée (Reply)...
🏁 Traitement validé en BDD pour m09023 !
🔍 Scan du dataset (1000 e-mails trouvés)...
📬 E-mail sélectionné : m08033 (Sujet : Upcoming lens shipment - HS code and conformity certificate needed)
✅ E-mail initial envoyé avec succès !
🔄 Envoi de la réponse chaînée (Reply)...
🏁 Traitement validé en BDD pour m08033 !
🔍 Scan du dataset (1000 e-mails trouvés)...
📬 E-mail sélectionné : m05062 (Sujet : Commande CMD-341 sur base OF-2214)
✅ E-mail initial envoyé avec succès !
🔄 Envoi de la réponse chaînée (Reply)...
🏁 Traitement validé en BDD pour m05062 !
🔍 Scan du dataset (1000 e-mails trouvés)...
📬 E-mail sélectionné : m05018 (Sujet : Grippers RG-40 : erreur firmware au demarrage)
📎 Pièce jointe ajoutée avec succès : firmware_error_gripper.png
✅ E-mail initial envoyé avec succès !
🔄 Envoi de la réponse chaînée (Reply)...
🏁 Traitement validé en BDD pour m05018 !
🔍 Scan du dataset (1000 e-mails trouvés)...
📬 E-mail sélectionné : m03020 (Sujet : RE: Unite de tri optique - solution pour l'eclairage)
📎 Pièce jointe ajoutée avec succès : sorting_test_frame.png
✅ E-mail initial envoyé avec succès !
🔄 Envoi de la réponse chaînée (Reply)...
🏁 Traitement validé en BDD pour m03020 !
🔍 Scan du dataset (1000 e-mails trouvés)...
📬 E-mail sélectionné : m06051 (Sujet : RE: Rapport d'incident SR-54 - commande alimentation)
✅ E-mail initial envoyé avec succès !
🔄 Envoi de la réponse chaînée (Reply)...
🏁 Traitement validé en BDD pour m06051 !
🔍 Scan du dataset (1000 e-mails trouvés)...
📬 E-mail sélectionné : m03040 (Sujet : RE: Formal offer OF-2287 - early order discount?)
✅ E-mail initial envoyé avec succès !
🔄 Envoi de la réponse chaînée (Reply)...
🏁 Traitement validé en BDD pour m03040 !
🔍 Scan du dataset (1000 e-mails trouvés)...
📬 E-mail sélectionné : m02062 (Sujet : RE: Revue de risques - fiche technique CPU PL-500)
📎 Pièce jointe ajoutée avec succès : datasheet_padlock_cpu.pdf
✅ E-mail initial envoyé avec succès !
🔄 Envoi de la réponse chaînée (Reply)...
🏁 Traitement validé en BDD pour m02062 !
🔍 Scan du dataset (1000 e-mails trouvés)...
📬 E-mail sélectionné : m01010 (Sujet : RE: Case packer retrofit - commercial terms)
✅ E-mail initial envoyé avec succès !
🔄 Envoi de la réponse chaînée (Reply)...
🏁 Traitement validé en BDD pour m01010 !
🔍 Scan du dataset (1000 e-mails trouvés)...
📬 E-mail sélectionné : m02082 (Sujet : RE: Questions techniques CPU PL-500 - licences)
Traceback (most recent call last):
  File "/app/send_emails_dataset.py", line 177, in <module>
    process_single_email()
  File "/app/send_emails_dataset.py", line 161, in process_single_email
    send_email(subject, body, msg_id=custom_id, attachments=attachment_paths)
  File "/app/send_emails_dataset.py", line 98, in send_email
    with smtplib.SMTP("smtp.gmail.com", 587) as server:
  File "/usr/local/lib/python3.10/smtplib.py", line 255, in __init__
    (code, msg) = self.connect(host, port)
  File "/usr/local/lib/python3.10/smtplib.py", line 341, in connect
    self.sock = self._get_socket(host, port, self.timeout)
  File "/usr/local/lib/python3.10/smtplib.py", line 312, in _get_socket
    return socket.create_connection((host, port), timeout,
  File "/usr/local/lib/python3.10/socket.py", line 836, in create_connection
    for res in getaddrinfo(host, port, 0, SOCK_STREAM):
  File "/usr/local/lib/python3.10/socket.py", line 967, in getaddrinfo
    for res in _socket.getaddrinfo(host, port, family, type, proto, flags):
socket.gaierror: [Errno -2] Name or service not known
🔍 Scan du dataset (1000 e-mails trouvés)...
📬 E-mail sélectionné : m02082 (Sujet : RE: Questions techniques CPU PL-500 - licences)
Traceback (most recent call last):
  File "/app/send_emails_dataset.py", line 177, in <module>
    process_single_email()
  File "/app/send_emails_dataset.py", line 161, in process_single_email
    send_email(subject, body, msg_id=custom_id, attachments=attachment_paths)
  File "/app/send_emails_dataset.py", line 98, in send_email
    with smtplib.SMTP("smtp.gmail.com", 587) as server:
  File "/usr/local/lib/python3.10/smtplib.py", line 255, in __init__
    (code, msg) = self.connect(host, port)
  File "/usr/local/lib/python3.10/smtplib.py", line 341, in connect
    self.sock = self._get_socket(host, port, self.timeout)
  File "/usr/local/lib/python3.10/smtplib.py", line 312, in _get_socket
    return socket.create_connection((host, port), timeout,
  File "/usr/local/lib/python3.10/socket.py", line 836, in create_connection
    for res in getaddrinfo(host, port, 0, SOCK_STREAM):
  File "/usr/local/lib/python3.10/socket.py", line 967, in getaddrinfo
    for res in _socket.getaddrinfo(host, port, family, type, proto, flags):
socket.gaierror: [Errno -2] Name or service not known
🔍 Scan du dataset (1000 e-mails trouvés)...
📬 E-mail sélectionné : m02082 (Sujet : RE: Questions techniques CPU PL-500 - licences)
Traceback (most recent call last):
  File "/app/send_emails_dataset.py", line 177, in <module>
    process_single_email()
  File "/app/send_emails_dataset.py", line 161, in process_single_email
    send_email(subject, body, msg_id=custom_id, attachments=attachment_paths)
  File "/app/send_emails_dataset.py", line 98, in send_email
    with smtplib.SMTP("smtp.gmail.com", 587) as server:
  File "/usr/local/lib/python3.10/smtplib.py", line 255, in __init__
    (code, msg) = self.connect(host, port)
  File "/usr/local/lib/python3.10/smtplib.py", line 341, in connect
    self.sock = self._get_socket(host, port, self.timeout)
  File "/usr/local/lib/python3.10/smtplib.py", line 312, in _get_socket
    return socket.create_connection((host, port), timeout,
  File "/usr/local/lib/python3.10/socket.py", line 836, in create_connection
    for res in getaddrinfo(host, port, 0, SOCK_STREAM):
  File "/usr/local/lib/python3.10/socket.py", line 967, in getaddrinfo
    for res in _socket.getaddrinfo(host, port, family, type, proto, flags):
socket.gaierror: [Errno -2] Name or service not known
🔍 Scan du dataset (1000 e-mails trouvés)...
📬 E-mail sélectionné : m02082 (Sujet : RE: Questions techniques CPU PL-500 - licences)
Traceback (most recent call last):
  File "/app/send_emails_dataset.py", line 177, in <module>
    process_single_email()
  File "/app/send_emails_dataset.py", line 161, in process_single_email
    send_email(subject, body, msg_id=custom_id, attachments=attachment_paths)
  File "/app/send_emails_dataset.py", line 98, in send_email
    with smtplib.SMTP("smtp.gmail.com", 587) as server:
  File "/usr/local/lib/python3.10/smtplib.py", line 255, in __init__
    (code, msg) = self.connect(host, port)
  File "/usr/local/lib/python3.10/smtplib.py", line 341, in connect
    self.sock = self._get_socket(host, port, self.timeout)
  File "/usr/local/lib/python3.10/smtplib.py", line 312, in _get_socket
    return socket.create_connection((host, port), timeout,
  File "/usr/local/lib/python3.10/socket.py", line 836, in create_connection
    for res in getaddrinfo(host, port, 0, SOCK_STREAM):
  File "/usr/local/lib/python3.10/socket.py", line 967, in getaddrinfo
    for res in _socket.getaddrinfo(host, port, family, type, proto, flags):
socket.gaierror: [Errno -2] Name or service not known
🔍 Scan du dataset (1000 e-mails trouvés)...
📬 E-mail sélectionné : m02082 (Sujet : RE: Questions techniques CPU PL-500 - licences)
Traceback (most recent call last):
  File "/app/send_emails_dataset.py", line 177, in <module>
    process_single_email()
  File "/app/send_emails_dataset.py", line 161, in process_single_email
    send_email(subject, body, msg_id=custom_id, attachments=attachment_paths)
  File "/app/send_emails_dataset.py", line 98, in send_email
    with smtplib.SMTP("smtp.gmail.com", 587) as server:
  File "/usr/local/lib/python3.10/smtplib.py", line 255, in __init__
    (code, msg) = self.connect(host, port)
  File "/usr/local/lib/python3.10/smtplib.py", line 341, in connect
    self.sock = self._get_socket(host, port, self.timeout)
  File "/usr/local/lib/python3.10/smtplib.py", line 312, in _get_socket
    return socket.create_connection((host, port), timeout,
  File "/usr/local/lib/python3.10/socket.py", line 836, in create_connection
    for res in getaddrinfo(host, port, 0, SOCK_STREAM):
  File "/usr/local/lib/python3.10/socket.py", line 967, in getaddrinfo
    for res in _socket.getaddrinfo(host, port, family, type, proto, flags):
socket.gaierror: [Errno -2] Name or service not known
🔍 Scan du dataset (1000 e-mails trouvés)...
📬 E-mail sélectionné : m02082 (Sujet : RE: Questions techniques CPU PL-500 - licences)
Traceback (most recent call last):
  File "/app/send_emails_dataset.py", line 177, in <module>
    process_single_email()
  File "/app/send_emails_dataset.py", line 161, in process_single_email
    send_email(subject, body, msg_id=custom_id, attachments=attachment_paths)
  File "/app/send_emails_dataset.py", line 98, in send_email
    with smtplib.SMTP("smtp.gmail.com", 587) as server:
  File "/usr/local/lib/python3.10/smtplib.py", line 255, in __init__
    (code, msg) = self.connect(host, port)
  File "/usr/local/lib/python3.10/smtplib.py", line 341, in connect
    self.sock = self._get_socket(host, port, self.timeout)
  File "/usr/local/lib/python3.10/smtplib.py", line 312, in _get_socket
    return socket.create_connection((host, port), timeout,
  File "/usr/local/lib/python3.10/socket.py", line 836, in create_connection
    for res in getaddrinfo(host, port, 0, SOCK_STREAM):
  File "/usr/local/lib/python3.10/socket.py", line 967, in getaddrinfo
    for res in _socket.getaddrinfo(host, port, family, type, proto, flags):
socket.gaierror: [Errno -2] Name or service not known
🔍 Scan du dataset (1000 e-mails trouvés)...
📬 E-mail sélectionné : m02082 (Sujet : RE: Questions techniques CPU PL-500 - licences)
Traceback (most recent call last):
  File "/app/send_emails_dataset.py", line 177, in <module>
    process_single_email()
  File "/app/send_emails_dataset.py", line 161, in process_single_email
    send_email(subject, body, msg_id=custom_id, attachments=attachment_paths)
  File "/app/send_emails_dataset.py", line 98, in send_email
    with smtplib.SMTP("smtp.gmail.com", 587) as server:
  File "/usr/local/lib/python3.10/smtplib.py", line 255, in __init__
    (code, msg) = self.connect(host, port)
  File "/usr/local/lib/python3.10/smtplib.py", line 341, in connect
    self.sock = self._get_socket(host, port, self.timeout)
  File "/usr/local/lib/python3.10/smtplib.py", line 312, in _get_socket
    return socket.create_connection((host, port), timeout,
  File "/usr/local/lib/python3.10/socket.py", line 836, in create_connection
    for res in getaddrinfo(host, port, 0, SOCK_STREAM):
  File "/usr/local/lib/python3.10/socket.py", line 967, in getaddrinfo
    for res in _socket.getaddrinfo(host, port, family, type, proto, flags):
socket.gaierror: [Errno -2] Name or service not known
🔍 Scan du dataset (1000 e-mails trouvés)...
📬 E-mail sélectionné : m02082 (Sujet : RE: Questions techniques CPU PL-500 - licences)
Traceback (most recent call last):
  File "/app/send_emails_dataset.py", line 177, in <module>
    process_single_email()
  File "/app/send_emails_dataset.py", line 161, in process_single_email
    send_email(subject, body, msg_id=custom_id, attachments=attachment_paths)
  File "/app/send_emails_dataset.py", line 98, in send_email
    with smtplib.SMTP("smtp.gmail.com", 587) as server:
  File "/usr/local/lib/python3.10/smtplib.py", line 255, in __init__
    (code, msg) = self.connect(host, port)
  File "/usr/local/lib/python3.10/smtplib.py", line 341, in connect
    self.sock = self._get_socket(host, port, self.timeout)
  File "/usr/local/lib/python3.10/smtplib.py", line 312, in _get_socket
    return socket.create_connection((host, port), timeout,
  File "/usr/local/lib/python3.10/socket.py", line 836, in create_connection
    for res in getaddrinfo(host, port, 0, SOCK_STREAM):
  File "/usr/local/lib/python3.10/socket.py", line 967, in getaddrinfo
    for res in _socket.getaddrinfo(host, port, family, type, proto, flags):
socket.gaierror: [Errno -2] Name or service not known
🔍 Scan du dataset (1000 e-mails trouvés)...
📬 E-mail sélectionné : m02082 (Sujet : RE: Questions techniques CPU PL-500 - licences)
✅ E-mail initial envoyé avec succès !
🔄 Envoi de la réponse chaînée (Reply)...
🏁 Traitement validé en BDD pour m02082 !
🔍 Scan du dataset (1000 e-mails trouvés)...
📬 E-mail sélectionné : m08008 (Sujet : RE: Avis d'arrivée MRS-2214 - transfert magasin sous douane)
✅ E-mail initial envoyé avec succès !
🔄 Envoi de la réponse chaînée (Reply)...
🏁 Traitement validé en BDD pour m08008 !
